// Jest Snapshot v1, https://goo.gl/fbAQLP

exports[`<FormControls /> should render all form controls with custom labels 1`] = `
<FormControls
  canReset={false}
  canSubmit={false}
  cancelLabel="Bar"
  onCancel={[MockFunction]}
  onReset={[MockFunction]}
  onSubmit={[MockFunction]}
  resetLabel="quax"
  submitLabel="Foo"
>
  <Col
    bsClass="col"
    componentClass="div"
    xs={12}
  >
    <div
      className="col-xs-12"
    >
      <FormGroup
        bsClass="form-group"
      >
        <div
          className="form-group"
        >
          <ButtonGroup
            block={false}
            bsClass="pull-right"
            justified={false}
            vertical={false}
          >
            <div
              className="pull-right"
            >
              <Button
                active={false}
                block={false}
                bsClass="btn"
                bsStyle="primary"
                disabled={true}
                onClick={[MockFunction]}
                type="button"
              >
                <button
                  className="btn btn-primary"
                  disabled={true}
                  onClick={[MockFunction]}
                  type="button"
                >
                  Foo
                </button>
              </Button>
              <Button
                active={false}
                block={false}
                bsClass="btn"
                bsStyle="default"
                disabled={false}
                onClick={[MockFunction]}
                type="button"
              >
                <button
                  className="btn btn-default"
                  disabled={false}
                  onClick={[MockFunction]}
                  type="button"
                >
                  Bar
                </button>
              </Button>
            </div>
          </ButtonGroup>
        </div>
      </FormGroup>
    </div>
  </Col>
</FormControls>
`;
